3fd8fec4ddec3c670bd810904e2e33170bedfe12f90adf943508184be458c8bb @bazel_tools//tools/build_defs/repo:http.bzl%http_archive io_bazel_stardoc stardoc-0.5.3.tar.gz https://mirror.bazel.build/github.com/bazelbuild/stardoc/releases/download/0.5.3/stardoc-0.5.3.tar.gz https://github.com/bazelbuild/stardoc/releases/download/0.5.3/stardoc-0.5.3.tar.gz
f7be3474d42aae265405a592bb7da8e171919d74c16f082a5457840f06054728 @bazel_tools//tools/build_defs/repo:http.bzl%http_archive bazel_skylib bazel-skylib-1.2.1.tar.gz https://mirror.bazel.build/github.com/bazelbuild/bazel-skylib/releases/download/1.2.1/bazel-skylib-1.2.1.tar.gz https://github.com/bazelbuild/bazel-skylib/releases/download/1.2.1/bazel-skylib-1.2.1.tar.gz
dd926a88a564a9246713a9c00b35315f54cbd46b31a26d5d8fb264c07045f05d @bazel_tools//tools/build_defs/repo:http.bzl%http_archive io_bazel_rules_go rules_go-v0.38.1.zip https://mirror.bazel.build/github.com/bazelbuild/rules_go/releases/download/v0.38.1/rules_go-v0.38.1.zip https://github.com/bazelbuild/rules_go/releases/download/v0.38.1/rules_go-v0.38.1.zip
34b41ec683e67253043ab1a3d1e8b7c61e4e8edefbcad485381328c934d072fe @bazel_tools//tools/build_defs/repo:http.bzl%http_archive rules_java rules_java-4.0.0.tar.gz https://mirror.bazel.build/github.com/bazelbuild/rules_java/releases/download/4.0.0/rules_java-4.0.0.tar.gz https://github.com/bazelbuild/rules_java/releases/download/4.0.0/rules_java-4.0.0.tar.gz
ecba0f04f96b4960a5b250c8e8eeec42281035970aa8852dda73098274d14a1d @bazel_tools//tools/build_defs/repo:http.bzl%http_archive bazel_gazelle bazel-gazelle-v0.29.0.tar.gz https://mirror.bazel.build/github.com/bazelbuild/bazel-gazelle/releases/download/v0.29.0/bazel-gazelle-v0.29.0.tar.gz https://github.com/bazelbuild/bazel-gazelle/releases/download/v0.29.0/bazel-gazelle-v0.29.0.tar.gz
f89f8241af909ce3226562d135c25b28e656ae173337b3e58ede917aa26e1e3c @bazel_tools//tools/build_defs/repo:http.bzl%http_archive com_github_gogo_protobuf v1.3.2.zip https://mirror.bazel.build/github.com/gogo/protobuf/archive/refs/tags/v1.3.2.zip https://github.com/gogo/protobuf/archive/refs/tags/v1.3.2.zip
5359c78b0c1649cf7beb3b48ff8b1d1aaf0243b22ea4789aba94805280075d8e @bazel_tools//tools/build_defs/repo:http.bzl%http_archive com_github_golang_mock v1.7.0-rc.1.zip https://mirror.bazel.build/github.com/golang/mock/archive/refs/tags/v1.7.0-rc.1.zip https://github.com/golang/mock/archive/refs/tags/v1.7.0-rc.1.zip
5bd0a70e2f3829db9d0e340887af4e921c5e0e5bb3f8d1be49a934204cb16445 @bazel_tools//tools/build_defs/repo:http.bzl%http_archive com_github_golang_protobuf v1.5.2.zip https://mirror.bazel.build/github.com/golang/protobuf/archive/refs/tags/v1.5.2.zip https://github.com/golang/protobuf/archive/refs/tags/v1.5.2.zip
d8697f05a2f0eaeb65261b480e1e6035301892d9fc07ed945622f41b12a68142 @bazel_tools//tools/build_defs/repo:http.bzl%http_archive com_github_mwitkow_go_proto_validators v0.3.2.zip https://mirror.bazel.build/github.com/mwitkow/go-proto-validators/archive/refs/tags/v0.3.2.zip https://github.com/mwitkow/go-proto-validators/archive/refs/tags/v0.3.2.zip
ba694861340e792fd31cb77274eacaf6e4ca8bda97707898f41d8bebfd8a4984 @bazel_tools//tools/build_defs/repo:http.bzl%http_archive go_googleapis 83c3605afb5a39952bf0a0809875d41cf2a558ca.zip https://mirror.bazel.build/github.com/googleapis/googleapis/archive/83c3605afb5a39952bf0a0809875d41cf2a558ca.zip https://github.com/googleapis/googleapis/archive/83c3605afb5a39952bf0a0809875d41cf2a558ca.zip
8896d6cf7041c5300d4e3963887fc50a641f0afa969d2bc9323879a6b8c80ce4 @bazel_tools//tools/build_defs/repo:http.bzl%http_archive org_golang_google_genproto 9d59e20e5cd16f7c64a2107aeec4c4e843a6df73.zip https://mirror.bazel.build/github.com/googleapis/go-genproto/archive/9d59e20e5cd16f7c64a2107aeec4c4e843a6df73.zip https://github.com/googleapis/go-genproto/archive/9d59e20e5cd16f7c64a2107aeec4c4e843a6df73.zip
cbaac40c1faf6a3647316d46ec9c614e99aa92c539a78b7c1e4dec3ff5f73694 @bazel_tools//tools/build_defs/repo:http.bzl%http_archive org_golang_google_protobuf v1.28.1.zip https://mirror.bazel.build/github.com/protocolbuffers/protobuf-go/archive/refs/tags/v1.28.1.zip https://github.com/protocolbuffers/protobuf-go/archive/refs/tags/v1.28.1.zip
30995c105724d9d7efb229df3cb26492b47e666bb6f5022530899532896c209b @bazel_tools//tools/build_defs/repo:http.bzl%http_archive org_golang_x_sys v0.4.0.zip https://mirror.bazel.build/github.com/golang/sys/archive/refs/tags/v0.4.0.zip https://github.com/golang/sys/archive/refs/tags/v0.4.0.zip
7b22a085a24e9da2fb9db9b97e9e7325387e66153997f17e44129df2943ddee7 @bazel_tools//tools/build_defs/repo:http.bzl%http_archive org_golang_x_tools v0.5.0.zip https://mirror.bazel.build/github.com/golang/tools/archive/refs/tags/v0.5.0.zip https://github.com/golang/tools/archive/refs/tags/v0.5.0.zip
ffad2b06ef2e09d040da2ff08077865e99ab95d4d0451737fc8e33706bb01634 @bazel_tools//tools/build_defs/repo:http.bzl%http_archive org_golang_x_xerrors 04be3eba64a22a838cdb17b8dca15a52871c08b4.zip https://mirror.bazel.build/github.com/golang/xerrors/archive/04be3eba64a22a838cdb17b8dca15a52871c08b4.zip https://github.com/golang/xerrors/archive/04be3eba64a22a838cdb17b8dca15a52871c08b4.zip
7006375f6756819b7013ca875eab70a541cf7d89142d9c511ed78ea4fefa38af @bazel_tools//tools/build_defs/repo:http.bzl%http_archive remote_coverage_tools coverage_output_generator-v2.6.zip https://mirror.bazel.build/bazel_coverage_output_generator/releases/coverage_output_generator-v2.6.zip
5cd59ea6bf938a1efc1e11ea562d37b39c82f76781211b7cd941a2346ea8484d @bazel_tools//tools/build_defs/repo:http.bzl%http_archive remote_java_tools java_tools-v11.9.zip https://mirror.bazel.build/bazel_java_tools/releases/java/v11.9/java_tools-v11.9.zip https://github.com/bazelbuild/java_tools/releases/download/java_v11.9/java_tools-v11.9.zip
512582cac5b7ea7974a77b0da4581b21f546c9478f206eedf54687eeac035989 @bazel_tools//tools/build_defs/repo:http.bzl%http_archive remote_java_tools_linux java_tools_linux-v11.9.zip https://mirror.bazel.build/bazel_java_tools/releases/java/v11.9/java_tools_linux-v11.9.zip https://github.com/bazelbuild/java_tools/releases/download/java_v11.9/java_tools_linux-v11.9.zip
58bff40957ace85c2de21ebfc72e53ed3a0d33af8cc20abd0ceec55c63be7de2 @bazel_tools//tools/build_defs/repo:http.bzl%http_archive rules_cc rules_cc-0.0.2.tar.gz https://github.com/bazelbuild/rules_cc/releases/download/0.0.2/rules_cc-0.0.2.tar.gz
8e7d59a5b12b233be5652e3d29f42fba01c7cbab09f6b3a8d0a57ed6d1e9a0da @bazel_tools//tools/build_defs/repo:http.bzl%http_archive rules_proto 7e4afce6fe62dbff0a4a03450143146f9f2d7488.tar.gz https://mirror.bazel.build/github.com/bazelbuild/rules_proto/archive/7e4afce6fe62dbff0a4a03450143146f9f2d7488.tar.gz https://github.com/bazelbuild/rules_proto/archive/7e4afce6fe62dbff0a4a03450143146f9f2d7488.tar.gz
00ccc0df21312c127ac4b12880ab0f9a26c1cff99442dc6c5a331750360de3c3 @bazel_tools//tools/build_defs/repo:http.bzl%http_archive rules_license rules_license-0.0.3.tar.gz https://mirror.bazel.build/github.com/bazelbuild/rules_license/releases/download/0.0.3/rules_license-0.0.3.tar.gz https://github.com/bazelbuild/rules_license/releases/download/0.0.3/rules_license-0.0.3.tar.gz
